#-----------------------------------------------------------
# Vivado v2025.1 (64-bit)
# SW Build 6140274 on Thu May 22 00:12:29 MDT 2025
# IP Build 6138677 on Thu May 22 03:10:11 MDT 2025
# SharedData Build 6139179 on Tue May 20 17:58:58 MDT 2025
# Start of session at: Fri Nov 21 12:18:34 2025
# Process ID         : 24696
# Current directory  : D:/digital_design/lab10_for_student/lab10_for_student/Lab10/lab10
# Command line       : vivado.exe -gui_launcher_event rodinguilauncherevent20040 D:\digital_design\lab10_for_student\lab10_for_student\Lab10\lab10\lab10.xpr
# Log file           : D:/digital_design/lab10_for_student/lab10_for_student/Lab10/lab10/vivado.log
# Journal file       : D:/digital_design/lab10_for_student/lab10_for_student/Lab10/lab10\vivado.jou
# Running On         : HYHwilliam
# Platform           : Windows Server 2016 or Windows 10
# Operating System   : 26200
# Processor Detail   : Intel(R) Core(TM) Ultra 7 258V
# CPU Frequency      : 3302 MHz
# CPU Physical cores : 8
# CPU Logical cores  : 8
# Host memory        : 33805 MB
# Swap memory        : 2147 MB
# Total Virtual      : 35953 MB
# Available Virtual  : 14918 MB
#-----------------------------------------------------------
start_gui
open_project D:/digital_design/lab10_for_student/lab10_for_student/Lab10/lab10/lab10.xpr
