#-----------------------------------------------------------
# Vivado v2025.1 (64-bit)
# SW Build 6140274 on Thu May 22 00:12:29 MDT 2025
# IP Build 6138677 on Thu May 22 03:10:11 MDT 2025
# SharedData Build 6139179 on Tue May 20 17:58:58 MDT 2025
# Start of session at: Fri Nov 28 10:33:59 2025
# Process ID         : 12088
# Current directory  : C:/Users/Shlab_21/Desktop/DCL_2025_team9/lab10/lab10.runs/impl_1
# Command line       : vivado.exe -log lab10.vdi -applog -product Vivado -messageDb vivado.pb -mode batch -source lab10.tcl -notrace
# Log file           : C:/Users/Shlab_21/Desktop/DCL_2025_team9/lab10/lab10.runs/impl_1/lab10.vdi
# Journal file       : C:/Users/Shlab_21/Desktop/DCL_2025_team9/lab10/lab10.runs/impl_1\vivado.jou
# Running On         : Shlab21
# Platform           : Windows Server 2016 or Windows 10
# Operating System   : 26100
# Processor Detail   : Intel(R) Core(TM) i5-8400 CPU @ 2.80GHz
# CPU Frequency      : 2808 MHz
# CPU Physical cores : 6
# CPU Logical cores  : 6
# Host memory        : 17056 MB
# Swap memory        : 1073 MB
# Total Virtual      : 18130 MB
# Available Virtual  : 9552 MB
#-----------------------------------------------------------
source lab10.tcl -notrace
