#-----------------------------------------------------------
# Vivado v2025.1 (64-bit)
# SW Build 6140274 on Thu May 22 00:12:29 MDT 2025
# IP Build 6138677 on Thu May 22 03:10:11 MDT 2025
# SharedData Build 6139179 on Tue May 20 17:58:58 MDT 2025
# Start of session at: Tue Dec  2 19:45:40 2025
# Process ID         : 24828
# Current directory  : D:/digital_design/final/lab10_for_student/Lab10/lab10/lab10.runs/synth_1
# Command line       : vivado.exe -log tetris_top.vds -product Vivado -mode batch -messageDb vivado.pb -notrace -source tetris_top.tcl
# Log file           : D:/digital_design/final/lab10_for_student/Lab10/lab10/lab10.runs/synth_1/tetris_top.vds
# Journal file       : D:/digital_design/final/lab10_for_student/Lab10/lab10/lab10.runs/synth_1\vivado.jou
# Running On         : HYHwilliam
# Platform           : Windows Server 2016 or Windows 10
# Operating System   : 26200
# Processor Detail   : Intel(R) Core(TM) Ultra 7 258V
# CPU Frequency      : 3302 MHz
# CPU Physical cores : 8
# CPU Logical cores  : 8
# Host memory        : 33805 MB
# Swap memory        : 2147 MB
# Total Virtual      : 35953 MB
# Available Virtual  : 14676 MB
#-----------------------------------------------------------
source tetris_top.tcl -notrace
